[www.vasterad.com/themes/listeo_latest/index.html]
[backblue.gif]
[fade.gif]
[index.html]
[www.vasterad.com/themes/listeo_latest/css/style.css]
[www.vasterad.com/themes/listeo_latest/css/colors/main.css]
[www.vasterad.com/themes/listeo_latest/index-2.html]
[www.vasterad.com/themes/listeo_latest/images/logo.png]
[www.vasterad.com/themes/listeo_latest/index-3.html]
[www.vasterad.com/themes/listeo_latest/index-4.html]
[www.vasterad.com/themes/listeo_latest/index-5.html]
[www.vasterad.com/themes/listeo_latest/listings-list-with-sidebar.html]
[www.vasterad.com/themes/listeo_latest/listings-list-full-width.html]
[www.vasterad.com/themes/listeo_latest/listings-list-full-width-with-map.html]
[www.vasterad.com/themes/listeo_latest/listings-grid-with-sidebar-1.html]
[www.vasterad.com/themes/listeo_latest/listings-grid-with-sidebar-2.html]
[www.vasterad.com/themes/listeo_latest/listings-grid-full-width.html]
[www.vasterad.com/themes/listeo_latest/listings-grid-full-width-with-map.html]
[www.vasterad.com/themes/listeo_latest/listings-half-screen-map-list.html]
[www.vasterad.com/themes/listeo_latest/listings-half-screen-map-grid-1.html]
[www.vasterad.com/themes/listeo_latest/listings-half-screen-map-grid-2.html]
[www.vasterad.com/themes/listeo_latest/listings-single-page.html]
[www.vasterad.com/themes/listeo_latest/listings-single-page-2.html]
[www.vasterad.com/themes/listeo_latest/dashboard.html]
[www.vasterad.com/themes/listeo_latest/dashboard-messages.html]
[www.vasterad.com/themes/listeo_latest/dashboard-bookings.html]
[www.vasterad.com/themes/listeo_latest/dashboard-my-listings.html]
[www.vasterad.com/themes/listeo_latest/dashboard-reviews.html]
[www.vasterad.com/themes/listeo_latest/dashboard-bookmarks.html]
[www.vasterad.com/themes/listeo_latest/dashboard-add-listing.html]
[www.vasterad.com/themes/listeo_latest/dashboard-my-profile.html]
[www.vasterad.com/themes/listeo_latest/dashboard-invoice.html]
[www.vasterad.com/themes/listeo_latest/pages-user-profile.html]
[www.vasterad.com/themes/listeo_latest/pages-booking.html]
[www.vasterad.com/themes/listeo_latest/pages-add-listing.html]
[www.vasterad.com/themes/listeo_latest/pages-blog.html]
[www.vasterad.com/themes/listeo_latest/pages-contact.html]
[www.vasterad.com/themes/listeo_latest/pages-coming-soon.html]
[www.vasterad.com/themes/listeo_latest/pages-404.html]
[www.vasterad.com/themes/listeo_latest/pages-masonry-filtering.html]
[www.vasterad.com/themes/listeo_latest/pages-elements.html]
[www.vasterad.com/themes/listeo_latest/pages-pricing-tables.html]
[www.vasterad.com/themes/listeo_latest/pages-typography.html]
[www.vasterad.com/themes/listeo_latest/images/main-search-background-01.jpg]
[www.vasterad.com/themes/listeo_latest/images/category-box-01.jpg]
[www.vasterad.com/themes/listeo_latest/images/category-box-02.jpg]
[www.vasterad.com/themes/listeo_latest/pages-icons.html]
[www.vasterad.com/themes/listeo_latest/images/category-box-03.jpg]
[www.vasterad.com/themes/listeo_latest/images/category-box-04.jpg]
[www.vasterad.com/themes/listeo_latest/images/category-box-05.jpg]
[www.vasterad.com/themes/listeo_latest/images/category-box-06.jpg]
[www.vasterad.com/themes/listeo_latest/images/listing-item-01.jpg]
[www.vasterad.com/themes/listeo_latest/images/listing-item-02.jpg]
[www.vasterad.com/themes/listeo_latest/images/listing-item-03.jpg]
[www.vasterad.com/themes/listeo_latest/images/listing-item-04.jpg]
[www.vasterad.com/themes/listeo_latest/images/listing-item-05.jpg]
[www.vasterad.com/themes/listeo_latest/images/listing-item-06.jpg]
[www.vasterad.com/themes/listeo_latest/pages-blog-post.html]
[www.vasterad.com/themes/listeo_latest/images/blog-compact-post-01.jpg]
[www.vasterad.com/themes/listeo_latest/images/blog-compact-post-02.jpg]
[www.vasterad.com/themes/listeo_latest/images/blog-compact-post-03.jpg]
[www.vasterad.com/cdn-cgi/scripts/5c5dd728/cloudflare-static/email-decode.min.js]
[www.vasterad.com/themes/listeo_latest/scripts/mmenu.min.js]
[www.vasterad.com/themes/listeo_latest/scripts/chosen.min.js]
[www.vasterad.com/themes/listeo_latest/scripts/jquery-2.2.0.min.js]
[www.vasterad.com/themes/listeo_latest/scripts/slick.min.js]
[www.vasterad.com/themes/listeo_latest/scripts/rangeslider.min.js]
[www.vasterad.com/themes/listeo_latest/scripts/waypoints.min.js]
[www.vasterad.com/themes/listeo_latest/scripts/magnific-popup.min.js]
[www.vasterad.com/themes/listeo_latest/scripts/counterup.min.js]
[www.vasterad.com/themes/listeo_latest/scripts/tooltips.min.js]
[www.vasterad.com/themes/listeo_latest/scripts/jquery-ui.min.js]
[www.vasterad.com/themes/listeo_latest/index.html]
[www.vasterad.com/themes/listeo_latest/scripts/custom.js]
[www.vasterad.com/themes/listeo_latest/scripts/switcher.js]
[www.vasterad.com/themes/listeo_latest/css/bootstrap-grid.css]
[www.vasterad.com/themes/listeo_latest/css/icons.css]
[www.vasterad.com/themes/listeo_latest/css/plugins/revolutionslider.css]
[www.vasterad.com/themes/listeo_latest/images/plus-icon.svg]
[www.vasterad.com/themes/listeo_latest/fonts/fontello.eot]
[www.vasterad.com/themes/listeo_latest/fonts/fontello.woff]
[www.vasterad.com/themes/listeo_latest/fonts/fontello.ttf]
[www.vasterad.com/themes/listeo_latest/css/style.css]
[www.vasterad.com/themes/listeo_latest/css/colors/main.css]
[www.vasterad.com/themes/listeo_latest/index-2.html]
[www.vasterad.com/themes/listeo_latest/fonts/fontello.svg]
[www.vasterad.com/themes/listeo_latest/images/happy-client-01.jpg]
[www.vasterad.com/themes/listeo_latest/images/happy-client-02.jpg]
[www.vasterad.com/themes/listeo_latest/images/happy-client-03.jpg]
[www.vasterad.com/themes/listeo_latest/images/slider-bg-02.jpg]
[www.vasterad.com/themes/listeo_latest/scripts/infobox.min.js]
[www.vasterad.com/themes/listeo_latest/index-3.html]
[www.vasterad.com/themes/listeo_latest/scripts/markerclusterer.js]
[www.vasterad.com/themes/listeo_latest/images/main-search-video-poster.jpg]
[www.vasterad.com/themes/listeo_latest/scripts/maps.js]
[www.vasterad.com/themes/listeo_latest/images/main-search-video.mp4]
[www.vasterad.com/themes/listeo_latest/images/popular-location-01.jpg]
[www.vasterad.com/themes/listeo_latest/images/popular-location-02.jpg]
[www.vasterad.com/themes/listeo_latest/images/popular-location-03.jpg]
[www.vasterad.com/themes/listeo_latest/images/popular-location-04.jpg]
[www.vasterad.com/themes/listeo_latest/index-4.html]
[www.vasterad.com/themes/listeo_latest/images/slider-bg-01.jpg]
[www.vasterad.com/themes/listeo_latest/images/logo-01.png]
[www.vasterad.com/themes/listeo_latest/images/logo-02.png]
[www.vasterad.com/themes/listeo_latest/images/logo-03.png]
[www.vasterad.com/themes/listeo_latest/images/logo-04.png]
[www.vasterad.com/themes/listeo_latest/images/logo-05.png]
[www.vasterad.com/themes/listeo_latest/images/logo-06.png]
[www.vasterad.com/themes/listeo_latest/images/logo-07.png]
[www.vasterad.com/themes/listeo_latest/images/logo2.png]
[www.vasterad.com/themes/listeo_latest/scripts/themepunch.tools.min.js]
[www.vasterad.com/themes/listeo_latest/scripts/themepunch.revolution.min.js]
[www.vasterad.com/themes/listeo_latest/scripts/extensions/revolution.extension.actions.min.js]
[www.vasterad.com/themes/listeo_latest/scripts/extensions/revolution.extension.carousel.min.js]
[www.vasterad.com/themes/listeo_latest/scripts/extensions/revolution.extension.kenburn.min.js]
[www.vasterad.com/themes/listeo_latest/scripts/extensions/revolution.extension.migration.min.js]
[www.vasterad.com/themes/listeo_latest/scripts/extensions/revolution.extension.layeranimation.min.js]
[www.vasterad.com/themes/listeo_latest/scripts/extensions/revolution.extension.navigation.min.js]
[www.vasterad.com/themes/listeo_latest/scripts/extensions/revolution.extension.parallax.min.js]
[www.vasterad.com/themes/listeo_latest/scripts/extensions/revolution.extension.video.min.js]
[www.vasterad.com/themes/listeo_latest/scripts/extensions/revolution.extension.slideanims.min.js]
[www.vasterad.com/themes/listeo_latest/index-5.html]
[www.vasterad.com/themes/listeo_latest/listings-list-with-sidebar.html]
[www.vasterad.com/themes/listeo_latest/listings-list-full-width.html]
[www.vasterad.com/themes/listeo_latest/listings-list-full-width-with-map.html]
[www.vasterad.com/themes/listeo_latest/listings-grid-with-sidebar-1.html]
[www.vasterad.com/themes/listeo_latest/listings-grid-with-sidebar-2.html]
[www.vasterad.com/themes/listeo_latest/listings-grid-full-width.html]
[www.vasterad.com/themes/listeo_latest/listings-grid-full-width-with-map.html]
[www.vasterad.com/themes/listeo_latest/listings-half-screen-map-list.html]
[www.vasterad.com/themes/listeo_latest/listings-half-screen-map-grid-1.html]
[www.vasterad.com/themes/listeo_latest/listings-half-screen-map-grid-2.html]
[www.vasterad.com/themes/listeo_latest/images/single-listing-01.jpg]
[www.vasterad.com/themes/listeo_latest/images/single-listing-02.jpg]
[www.vasterad.com/themes/listeo_latest/images/single-listing-03.jpg]
[www.vasterad.com/themes/listeo_latest/images/single-listing-04.jpg]
[www.vasterad.com/themes/listeo_latest/images/review-image-01.jpg]
[www.vasterad.com/themes/listeo_latest/images/review-image-02.jpg]
[www.vasterad.com/themes/listeo_latest/images/review-image-03.jpg]
[www.vasterad.com/themes/listeo_latest/images/dashboard-avatar.jpg]
[www.vasterad.com/themes/listeo_latest/scripts/quantityButtons.js]
[www.vasterad.com/themes/listeo_latest/scripts/moment.min.js]
[www.vasterad.com/themes/listeo_latest/scripts/daterangepicker.js]
[www.vasterad.com/themes/listeo_latest/listings-single-page.html]
[www.vasterad.com/themes/listeo_latest/images/single-listing-02a.jpg]
[www.vasterad.com/themes/listeo_latest/images/single-listing-01a.jpg]
[www.vasterad.com/themes/listeo_latest/images/single-listing-03a.jpg]
[www.vasterad.com/themes/listeo_latest/images/single-listing-04a.jpg]
[www.vasterad.com/themes/listeo_latest/listings-single-page-2.html]
[www.vasterad.com/themes/listeo_latest/dashboard.html]
[www.vasterad.com/themes/listeo_latest/dashboard-messages-conversation.html]
[www.vasterad.com/themes/listeo_latest/dashboard-messages.html]
[www.vasterad.com/themes/listeo_latest/dashboard-bookings.html]
[www.vasterad.com/themes/listeo_latest/dashboard-my-listings.html]
[www.vasterad.com/themes/listeo_latest/images/reviews-avatar.jpg]
[www.vasterad.com/themes/listeo_latest/dashboard-reviews.html]
[www.vasterad.com/themes/listeo_latest/dashboard-bookmarks.html]
[www.vasterad.com/themes/listeo_latest/scripts/dropzone.js]
[www.vasterad.com/themes/listeo_latest/dashboard-add-listing.html]
[www.vasterad.com/themes/listeo_latest/images/user-avatar.jpg]
[www.vasterad.com/themes/listeo_latest/dashboard-my-profile.html]
[www.vasterad.com/themes/listeo_latest/dashboard-invoice.html]
[www.vasterad.com/themes/listeo_latest/css/invoice.css]
[www.vasterad.com/themes/listeo_latest/images/user-profile-avatar.jpg]
[www.vasterad.com/themes/listeo_latest/pages-user-profile.html]
[i.imgur.com/ApBxkXU.png]
[i.imgur.com/IHEKLgm.png]
[www.vasterad.com/themes/listeo_latest/pages-booking.html]
[www.vasterad.com/themes/listeo_latest/pages-add-listing.html]
[www.vasterad.com/themes/listeo_latest/pages-booking-confirmation.html]
[www.vasterad.com/themes/listeo_latest/images/blog-post-01.jpg]
[www.vasterad.com/themes/listeo_latest/images/blog-post-02.jpg]
[www.vasterad.com/themes/listeo_latest/pages-pages-blog-post.89.delayed]
[www.vasterad.com/themes/listeo_latest/images/blog-post-03.jpg]
[www.vasterad.com/themes/listeo_latest/images/blog-widget-03.jpg]
[www.vasterad.com/themes/listeo_latest/images/blog-widget-02.jpg]
[www.vasterad.com/themes/listeo_latest/images/blog-widget-01.jpg]
[www.vasterad.com/themes/listeo_latest/pages-blog.html]
[www.vasterad.com/themes/listeo_latest/images/our-office.jpg]
[www.vasterad.com/themes/listeo_latest/pages-contact.html]
[www.vasterad.com/themes/listeo_latest/pages-coming-soon.html]
[www.vasterad.com/themes/listeo_latest/pages-404.html]
[www.vasterad.com/themes/listeo_latest/scripts/jquery.countdown.min.js]
[www.vasterad.com/themes/listeo_latest/pages-masonry-filtering.html]
[www.vasterad.com/themes/listeo_latest/pages-elements.html]
[www.vasterad.com/themes/listeo_latest/pages-pricing-tables.html]
[www.vasterad.com/themes/listeo_latest/pages-typography.html]
[www.vasterad.com/themes/listeo_latest/scripts/isotope.min.js]
[www.vasterad.com/themes/listeo_latest/pages-icons.html]
[www.vasterad.com/themes/listeo_latest/pages-blog-post.html]
[www.vasterad.com/themes/listeo_latest/css/bootstrap-grid.css]
[www.vasterad.com/themes/listeo_latest/fonts/fontawesome-webfont5b62.html]
[www.vasterad.com/themes/listeo_latest/fonts/fontawesome-webfont5b62.woff]
[www.vasterad.com/themes/listeo_latest/fonts/fontawesome-webfont5b62.eot]
[www.vasterad.com/themes/listeo_latest/fonts/fontawesome-webfont5b62.ttf]
[www.vasterad.com/themes/listeo_latest/fonts/fontawesome-webfontd41d.eot]
[www.vasterad.com/themes/listeo_latest/fonts/fontawesome-webfont5b62.svg]
[www.vasterad.com/themes/listeo_latest/fonts/simple-line-iconsc05f.eot]
[www.vasterad.com/themes/listeo_latest/fonts/simple-line-iconsc05f.ttf]
[www.vasterad.com/themes/listeo_latest/fonts/simple-line-iconsc05f.svg]
[www.vasterad.com/themes/listeo_latest/fonts/simple-line-iconsc05f.woff]
[www.vasterad.com/themes/listeo_latest/fonts/iconsmindca27.eot]
[www.vasterad.com/themes/listeo_latest/fonts/iconsmindca27.ttf]
[www.vasterad.com/themes/listeo_latest/fonts/iconsmindd41d.eot]
[www.vasterad.com/themes/listeo_latest/fonts/iconsmindca27.woff]
[www.vasterad.com/themes/listeo_latest/css/icons.css]
[www.vasterad.com/themes/listeo_latest/css/assets/gridtile.a2.delayed]
[www.vasterad.com/themes/listeo_latest/css/assets/gridtile_white.a3.delayed]
[www.vasterad.com/themes/listeo_latest/css/assets/gridtile_3x3.a4.delayed]
[www.vasterad.com/themes/listeo_latest/css/assets/gridtile_3x3_white.a5.delayed]
[www.vasterad.com/themes/listeo_latest/css/assets/coloredbg.a6.delayed]
[www.vasterad.com/themes/listeo_latest/css/img/loading.a7.delayed]
[www.vasterad.com/themes/listeo_latest/css/plugins/revolutionslider.css]
[www.vasterad.com/themes/listeo_latest/images/plus-icon.svg]
[www.vasterad.com/themes/listeo_latest/fonts/fontello.svg]
[www.vasterad.com/themes/listeo_latest/fonts/iconsmindca27.svg]
[www.vasterad.com/themes/listeo_latest/dashboard-messages-conversation.html]
[www.vasterad.com/themes/listeo_latest/css/invoice.css]
[www.vasterad.com/themes/listeo_latest/pages-booking-confirmation.html]
[www.vasterad.com/themes/listeo_latest/pages-pages-blog-post.html]
[www.vasterad.com/themes/listeo_latest/fonts/fontawesome-webfont5b62.html]
[www.vasterad.com/themes/listeo_latest/fonts/fontawesome-webfont5b62.svg]
[www.vasterad.com/themes/listeo_latest/fonts/simple-line-iconsc05f.svg]
[www.vasterad.com/themes/listeo_latest/fonts/iconsmindca27.svg]
[www.vasterad.com/themes/listeo_latest/css/plugins/openhand.html]
[www.vasterad.com/themes/listeo_latest/css/assets/gridtile.html]
[www.vasterad.com/themes/listeo_latest/css/assets/gridtile_white.html]
[www.vasterad.com/themes/listeo_latest/css/assets/gridtile_3x3.html]
[www.vasterad.com/themes/listeo_latest/css/assets/gridtile_3x3_white.html]
[www.vasterad.com/themes/listeo_latest/css/assets/coloredbg.html]
[www.vasterad.com/themes/listeo_latest/css/img/loading.html]
[www.vasterad.com/themes/listeo_latest/css/plugins/closedhand.cur]
