[www.vasterad.com/themes/sphene/index-resume-cv.html]
[backblue.gif]
[fade.gif]
[index.html]
[www.vasterad.com/themes/sphene/css/style.css]
[www.vasterad.com/themes/sphene/css/colors/purple.css]
[www.google-analytics.com/analytics.js]
[www.vasterad.com/themes/sphene/index.html]
[www.vasterad.com/themes/sphene/images/logo.png]
[www.vasterad.com/themes/sphene/about-me.html]
[www.vasterad.com/themes/sphene/services-creative.html]
[www.vasterad.com/themes/sphene/portfolio-full-width-style-1.html]
[www.vasterad.com/themes/sphene/contact-classic.html]
[www.vasterad.com/themes/sphene/scripts/jquery.flexslider-min.js]
[www.vasterad.com/themes/sphene/scripts/owl.carousel.min.js]
[www.vasterad.com/themes/sphene/scripts/counterup.min.js]
[www.vasterad.com/themes/sphene/scripts/jquery-2.2.0.min.js]
[www.vasterad.com/themes/sphene/scripts/waypoints.min.js]
[www.vasterad.com/themes/sphene/scripts/jquery.themepunch.tools.min.js]
[www.vasterad.com/themes/sphene/scripts/jquery.themepunch.revolution.min.js]
[www.vasterad.com/themes/sphene/scripts/jquery.magnific-popup.min.js]
[www.vasterad.com/themes/sphene/scripts/jquery.isotope.min.js]
[www.vasterad.com/themes/sphene/scripts/jquery.sticky-kit.min.js]
[www.vasterad.com/themes/sphene/scripts/jquery.twentytwenty.js]
[www.vasterad.com/themes/sphene/scripts/jquery.event.move.js]
[www.vasterad.com/themes/sphene/scripts/jquery.photogrid.js]
[www.vasterad.com/themes/sphene/scripts/jquery.tooltips.min.js]
[www.vasterad.com/themes/sphene/scripts/jquery.pricefilter.js]
[www.vasterad.com/themes/sphene/scripts/jquery.stacktable.js]
[www.vasterad.com/themes/sphene/scripts/jquery.contact-form.js]
[www.vasterad.com/themes/sphene/scripts/jquery.jpanelmenu.js]
[www.vasterad.com/themes/sphene/scripts/headroom.min.js]
[www.vasterad.com/themes/sphene/scripts/modernizr.custom.js]
[www.vasterad.com/themes/sphene/scripts/puregrid.js]
[www.vasterad.com/themes/sphene/scripts/flexibility.js]
[www.vasterad.com/themes/sphene/scripts/custom.js]
[www.vasterad.com/themes/sphene/scripts/jquery.fullPage.min.js]
[www.vasterad.com/themes/sphene/index-resume-cv.html]
[www.vasterad.com/themes/sphene/scripts/typed.js]
[www.vasterad.com/themes/sphene/css/bootstrap.css]
[www.vasterad.com/themes/sphene/css/icons.css]
[www.vasterad.com/themes/sphene/css/revolutionslider.css]
[www.vasterad.com/themes/sphene/images/loading.png]
[www.vasterad.com/themes/sphene/fonts/fontello0bee.eot]
[www.vasterad.com/themes/sphene/fonts/fontello0bee.woff]
[www.vasterad.com/themes/sphene/fonts/fontello0bee.ttf]
[www.vasterad.com/themes/sphene/fonts/fontello0bee.svg]
[www.vasterad.com/themes/sphene/images/alert_boxes_close_ico.2b.delayed]
[www.vasterad.com/themes/sphene/images/bg/squared_metal.2c.delayed]
[www.vasterad.com/themes/sphene/images/bg/retina_wood.2d.delayed]
[www.vasterad.com/themes/sphene/images/bg/brushed_alu.2e.delayed]
[www.vasterad.com/themes/sphene/images/bg/crisp_paper_ruffles.2f.delayed]
[www.vasterad.com/themes/sphene/images/bg/navy_blue.30.delayed]
[www.vasterad.com/themes/sphene/images/bg/bedge_grunge.31.delayed]
[www.vasterad.com/themes/sphene/images/bg/diamond_upholstery.32.delayed]
[www.vasterad.com/themes/sphene/images/bg/shattered.33.delayed]
[www.vasterad.com/themes/sphene/images/bg/light_toast.34.delayed]
[www.vasterad.com/themes/sphene/images/bg/noise_pattern_with_crosslines.35.delayed]
[www.vasterad.com/themes/sphene/images/bg/purty_wood.36.delayed]
[www.vasterad.com/themes/sphene/images/bg/subtle_stripes.37.delayed]
[www.vasterad.com/themes/sphene/images/bg/textured_stripes.38.delayed]
[www.vasterad.com/themes/sphene/images/bg/tileable_wood_texture.39.delayed]
[www.vasterad.com/themes/sphene/images/bg/stardust.3a.delayed]
[www.vasterad.com/themes/sphene/images/bg/vichy.3b.delayed]
[www.vasterad.com/themes/sphene/css/style.css]
[www.vasterad.com/themes/sphene/css/colors/purple.css]
[www.vasterad.com/themes/sphene/css/colors/blue.css]
[www.vasterad.com/themes/sphene/index-agency.html]
[www.vasterad.com/themes/sphene/index-classic.html]
[www.vasterad.com/themes/sphene/index-corporate.html]
[www.vasterad.com/themes/sphene/index-shop.html]
[www.vasterad.com/themes/sphene/index-photography.html]
[www.vasterad.com/themes/sphene/index-magazine-blog.html]
[www.vasterad.com/themes/sphene/portfolio-full-width-style-2.html]
[www.vasterad.com/themes/sphene/portfolio-full-width-style-3.html]
[www.vasterad.com/themes/sphene/portfolio-full-width-style-4.html]
[www.vasterad.com/themes/sphene/photo-gallery.html]
[www.vasterad.com/themes/sphene/portfolio-contained-style-1.html]
[www.vasterad.com/themes/sphene/portfolio-contained-style-2.html]
[www.vasterad.com/themes/sphene/portfolio-contained-style-3.html]
[www.vasterad.com/themes/sphene/portfolio-contained-style-4.html]
[www.vasterad.com/themes/sphene/portfolio-ajax.html]
[www.vasterad.com/themes/sphene/single-project-creative-style-1.html]
[www.vasterad.com/themes/sphene/single-project-creative-style-2.html]
[www.vasterad.com/themes/sphene/single-project-content-right.html]
[www.vasterad.com/themes/sphene/single-project-content-left.html]
[www.vasterad.com/themes/sphene/single-project-content-bottom.html]
[www.vasterad.com/themes/sphene/about-us.html]
[www.vasterad.com/themes/sphene/services-classic.html]
[www.vasterad.com/themes/sphene/contact-creative.html]
[www.vasterad.com/themes/sphene/cooming-soon.html]
[www.vasterad.com/themes/sphene/login-register.html]
[www.vasterad.com/themes/sphene/404.html]
[www.vasterad.com/themes/sphene/faq.html]
[www.vasterad.com/themes/sphene/elements-accordions.html]
[www.vasterad.com/themes/sphene/elements-buttons.html]
[www.vasterad.com/themes/sphene/elements-tabs.html]
[www.vasterad.com/themes/sphene/elements-pricing-tables.html]
[www.vasterad.com/themes/sphene/elements-alerts.html]
[www.vasterad.com/themes/sphene/elements-lists.html]
[www.vasterad.com/themes/sphene/elements-icon-boxes.html]
[www.vasterad.com/themes/sphene/elements-typography.html]
[www.vasterad.com/themes/sphene/elements-progress-bars.html]
[www.vasterad.com/themes/sphene/elements-carousel-slider.html]
[www.vasterad.com/themes/sphene/elements-call-to-action.html]
[www.vasterad.com/themes/sphene/elements-counters.html]
[www.vasterad.com/themes/sphene/elements-testimonials.html]
[www.vasterad.com/themes/sphene/elements-social-icons.html]
[www.vasterad.com/themes/sphene/shop-right-sidebar.html]
[www.vasterad.com/themes/sphene/shop-left-sidebar.html]
[www.vasterad.com/themes/sphene/elements-icons.html]
[www.vasterad.com/themes/sphene/shop-full-width.html]
[www.vasterad.com/themes/sphene/shop-product-page.html]
[www.vasterad.com/themes/sphene/shop-product-categories.html]
[www.vasterad.com/themes/sphene/shopping-cart.html]
[www.vasterad.com/themes/sphene/blog-full-width-3-columns.html]
[www.vasterad.com/themes/sphene/blog-full-width-4-columns.html]
[www.vasterad.com/themes/sphene/blog-full-width-5-columns.html]
[www.vasterad.com/themes/sphene/blog-full-width-with-sidebar.html]
[www.vasterad.com/themes/sphene/blog-full-width-single-post.html]
[www.vasterad.com/themes/sphene/blog-contained-1-column.html]
[www.vasterad.com/themes/sphene/blog-contained-2-columns.html]
[www.vasterad.com/themes/sphene/blog-contained-3-columns.html]
[www.vasterad.com/themes/sphene/blog-contained-4-columns.html]
[www.vasterad.com/themes/sphene/blog-contained-with-sidebar.html]
[www.vasterad.com/themes/sphene/blog-contained-single-post.html]
[www.vasterad.com/themes/sphene/images/slide-02.jpg]
[www.vasterad.com/themes/sphene/images/slide.jpg]
[www.vasterad.com/themes/sphene/images/footer_lodyas.png]
[www.vasterad.com/themes/sphene/images/service-02c.jpg]
[www.vasterad.com/themes/sphene/images/project-01.jpg]
[www.vasterad.com/themes/sphene/images/project-02.jpg]
[www.vasterad.com/themes/sphene/images/project-03-masonry.jpg]
[www.vasterad.com/themes/sphene/images/project-04.jpg]
[www.vasterad.com/themes/sphene/images/project-05-masonry.jpg]
[www.vasterad.com/themes/sphene/images/project-06.jpg]
[www.vasterad.com/themes/sphene/images/project-07-masonry.jpg]
[www.vasterad.com/themes/sphene/images/project-08.jpg]
[www.vasterad.com/themes/sphene/images/project-09.jpg]
[www.vasterad.com/cdn-cgi/scripts/5c5dd728/cloudflare-static/email-decode.min.js]
[www.vasterad.com/themes/sphene/scripts/extensions/revolution.extension.actions.min.js]
[www.vasterad.com/themes/sphene/scripts/extensions/revolution.extension.carousel.min.js]
[www.vasterad.com/themes/sphene/scripts/extensions/revolution.extension.kenburn.min.js]
[www.vasterad.com/themes/sphene/scripts/extensions/revolution.extension.migration.min.js]
[www.vasterad.com/themes/sphene/scripts/extensions/revolution.extension.layeranimation.min.js]
[www.vasterad.com/themes/sphene/scripts/extensions/revolution.extension.navigation.min.js]
[www.vasterad.com/themes/sphene/scripts/extensions/revolution.extension.parallax.min.js]
[www.vasterad.com/themes/sphene/scripts/extensions/revolution.extension.slideanims.min.js]
[www.vasterad.com/themes/sphene/scripts/extensions/revolution.extension.video.min.js]
[www.vasterad.com/themes/sphene/index.html]
[www.vasterad.com/themes/sphene/scripts/switcher.js]
[www.vasterad.com/themes/sphene/css/colors/green.css]
[www.vasterad.com/themes/sphene/scripts/jquery.gmaps.min.js]
[www.vasterad.com/themes/sphene/about-me.html]
[www.vasterad.com/themes/sphene/images/service-02a.jpg]
[www.vasterad.com/themes/sphene/images/service-02b.jpg]
[www.vasterad.com/themes/sphene/contact.94.delayed]
[www.vasterad.com/themes/sphene/services-creative.html]
[www.vasterad.com/themes/sphene/portfolio-full-width-style-1.html]
[www.vasterad.com/themes/sphene/images/logo-2.png]
[www.vasterad.com/themes/sphene/images/contact-our-office.jpg]
[www.vasterad.com/themes/sphene/contact-classic.html]
[www.vasterad.com/themes/sphene/css/bootstrap.css]
[www.vasterad.com/themes/sphene/fonts/fontawesome-webfont3295.eot]
[www.vasterad.com/themes/sphene/fonts/fontawesome-webfont3295.html]
[www.vasterad.com/themes/sphene/fonts/fontawesome-webfont3295.woff]
[www.vasterad.com/themes/sphene/fonts/fontawesome-webfont3295.ttf]
[www.vasterad.com/themes/sphene/fonts/fontawesome-webfontd41d.eot]
[www.vasterad.com/themes/sphene/fonts/fontawesome-webfont3295.svg]
[www.vasterad.com/themes/sphene/fonts/simple-line-iconsc05f.eot]
[www.vasterad.com/themes/sphene/fonts/simple-line-iconsc05f.ttf]
[www.vasterad.com/themes/sphene/fonts/simple-line-iconsc05f.woff]
[www.vasterad.com/themes/sphene/fonts/simple-line-iconsc05f.svg]
[www.vasterad.com/themes/sphene/fonts/lineariconsca27.woff]
[www.vasterad.com/themes/sphene/fonts/lineariconsca27.ttf]
[www.vasterad.com/themes/sphene/fonts/lineariconsca27.eot]
[www.vasterad.com/themes/sphene/fonts/lineariconsd41d.eot]
[www.vasterad.com/themes/sphene/css/icons.css]
[www.vasterad.com/themes/sphene/assets/gridtile.a8.delayed]
[www.vasterad.com/themes/sphene/assets/gridtile_white.a9.delayed]
[www.vasterad.com/themes/sphene/assets/gridtile_3x3.aa.delayed]
[www.vasterad.com/themes/sphene/assets/gridtile_3x3_white.ab.delayed]
[www.vasterad.com/themes/sphene/assets/coloredbg.ac.delayed]
[www.vasterad.com/themes/sphene/img/loading.ad.delayed]
[www.vasterad.com/themes/sphene/css/revolutionslider.css]
[www.vasterad.com/themes/sphene/fonts/fontello0bee.svg]
[www.vasterad.com/themes/sphene/images/alert_boxes_close_ico.html]
[www.vasterad.com/themes/sphene/images/bg/squared_metal.html]
[www.vasterad.com/themes/sphene/images/bg/retina_wood.html]
[www.vasterad.com/themes/sphene/images/bg/brushed_alu.html]
[www.vasterad.com/themes/sphene/images/bg/crisp_paper_ruffles.html]
[www.vasterad.com/themes/sphene/images/bg/navy_blue.html]
[www.vasterad.com/themes/sphene/images/bg/bedge_grunge.html]
[www.vasterad.com/themes/sphene/images/bg/diamond_upholstery.html]
[www.vasterad.com/themes/sphene/images/bg/shattered.html]
[www.vasterad.com/themes/sphene/images/bg/light_toast.html]
[www.vasterad.com/themes/sphene/images/bg/noise_pattern_with_crosslines.html]
[www.vasterad.com/themes/sphene/images/bg/purty_wood.html]
[www.vasterad.com/themes/sphene/images/bg/subtle_stripes.html]
[www.vasterad.com/themes/sphene/images/bg/textured_stripes.html]
[www.vasterad.com/themes/sphene/images/bg/tileable_wood_texture.html]
[www.vasterad.com/themes/sphene/images/bg/stardust.html]
[www.vasterad.com/themes/sphene/images/bg/vichy.html]
[www.vasterad.com/themes/sphene/css/colors/blue.css]
[www.vasterad.com/themes/sphene/css/colors/yellow.css]
[www.vasterad.com/themes/sphene/images/about-us-poster.jpg]
[www.vasterad.com/themes/sphene/fonts/lineariconsca27.svg]
[www.vasterad.com/themes/sphene/images/about-us-video.webm]
[www.vasterad.com/themes/sphene/images/about-us-video.mp4]
[www.vasterad.com/themes/sphene/images/compare-before.png]
[www.vasterad.com/themes/sphene/images/compare-after.png]
[www.vasterad.com/themes/sphene/images/team-01.jpg]
[www.vasterad.com/themes/sphene/images/team-02.jpg]
[www.vasterad.com/themes/sphene/images/team-03.jpg]
[www.vasterad.com/themes/sphene/images/team-04.jpg]
[www.vasterad.com/themes/sphene/images/team-05.jpg]
[www.vasterad.com/themes/sphene/index-agency.html]
[www.vasterad.com/themes/sphene/images/slide-01.jpg]
[www.vasterad.com/themes/sphene/images/slide-03.jpg]
[www.vasterad.com/themes/sphene/images/slide-03-iphone.png]
[www.vasterad.com/themes/sphene/images/project-03.jpg]
[www.vasterad.com/themes/sphene/images/project-05.jpg]
[www.vasterad.com/themes/sphene/images/project-07.jpg]
[www.vasterad.com/themes/sphene/images/image-edge.jpg]
[www.vasterad.com/themes/sphene/images/logo-01.png]
[www.vasterad.com/themes/sphene/images/logo-02.png]
[www.vasterad.com/themes/sphene/images/logo-03.png]
[www.vasterad.com/themes/sphene/images/logo-04.png]
[www.vasterad.com/themes/sphene/images/logo-05.png]
[www.vasterad.com/themes/sphene/images/logo-06.png]
[www.vasterad.com/themes/sphene/images/logo-07.png]
[www.vasterad.com/themes/sphene/index-classic.html]
[www.vasterad.com/themes/sphene/images/slide-corporate-01.jpg]
[www.vasterad.com/themes/sphene/images/slide-corporate-02.jpg]
[www.vasterad.com/themes/sphene/index-corporate.html]
[www.vasterad.com/themes/sphene/css/colors/red.css]
[www.vasterad.com/themes/sphene/images/slide-shop-01.jpg]
[www.vasterad.com/themes/sphene/images/slide-shop-02.jpg]
[www.vasterad.com/themes/sphene/images/shop-demo-category-01.jpg]
[www.vasterad.com/themes/sphene/images/shop-demo-category-02.jpg]
[www.vasterad.com/themes/sphene/images/shop-demo-category-03.jpg]
[www.vasterad.com/themes/sphene/images/shop-demo-category-04.jpg]
[www.vasterad.com/themes/sphene/images/shop-demo-category-05.jpg]
[www.vasterad.com/themes/sphene/images/shop-03.jpg]
[www.vasterad.com/themes/sphene/images/shop-04.jpg]
[www.vasterad.com/themes/sphene/images/shop-05.jpg]
[www.vasterad.com/themes/sphene/images/shop-06.jpg]
[www.vasterad.com/themes/sphene/images/shop-07.jpg]
[www.vasterad.com/themes/sphene/images/shop-08.jpg]
[www.vasterad.com/themes/sphene/images/shop-widget-01.jpg]
[www.vasterad.com/themes/sphene/images/shop-widget-02.jpg]
[www.vasterad.com/themes/sphene/images/shop-widget-03.jpg]
[www.vasterad.com/themes/sphene/images/shop-widget-04.jpg]
[www.vasterad.com/themes/sphene/images/shop-widget-05.jpg]
[www.vasterad.com/themes/sphene/images/shop-widget-06.jpg]
[www.vasterad.com/themes/sphene/index-shop.html]
[www.vasterad.com/themes/sphene/images/photography-demo-slide-01.jpg]
[www.vasterad.com/themes/sphene/images/photography-demo-slide-02.jpg]
[www.vasterad.com/themes/sphene/images/photography-demo-slide-03.jpg]
[www.vasterad.com/themes/sphene/images/photography-demo-slide-04.jpg]
[www.vasterad.com/themes/sphene/index-photography.html]
[www.vasterad.com/themes/sphene/images/blog-post-header-02.jpg]
[www.vasterad.com/themes/sphene/images/blog-04.jpg]
[www.vasterad.com/themes/sphene/images/blog-post-header.jpg]
[www.vasterad.com/themes/sphene/images/blog-01.jpg]
[www.vasterad.com/themes/sphene/images/blog-post-header-03.jpg]
[www.vasterad.com/themes/sphene/images/blog-02.jpg]
[www.vasterad.com/themes/sphene/images/blog-post-header-04.jpg]
[www.vasterad.com/themes/sphene/images/blog-05.jpg]
[www.vasterad.com/themes/sphene/images/blog-demo-05.jpg]
[www.vasterad.com/themes/sphene/images/blog-demo-06.jpg]
[www.vasterad.com/themes/sphene/images/blog-demo-08.jpg]
[www.vasterad.com/themes/sphene/images/blog-demo-07.jpg]
[www.vasterad.com/themes/sphene/images/blog-demo-01.jpg]
[www.vasterad.com/themes/sphene/images/blog-demo-02.jpg]
[www.vasterad.com/themes/sphene/images/blog-demo-03.jpg]
[www.vasterad.com/themes/sphene/images/blog-demo-04.jpg]
[www.vasterad.com/themes/sphene/scripts/jquery.royalslider.min.js]
[www.vasterad.com/themes/sphene/index-magazine-blog.html]
[www.vasterad.com/themes/sphene/portfolio-full-width-style-2.html]
[www.vasterad.com/themes/sphene/contact-classic.html.html]
[www.vasterad.com/themes/sphene/portfolio-full-width-style-3.html]
[www.vasterad.com/themes/sphene/portfolio-full-width-style-4.html]
[www.vasterad.com/themes/sphene/images/photo-gallery-01.jpg]
[www.vasterad.com/themes/sphene/images/photo-gallery-02.jpg]
[www.vasterad.com/themes/sphene/images/photo-gallery-03.jpg]
[www.vasterad.com/themes/sphene/images/photo-gallery-04.jpg]
[www.vasterad.com/themes/sphene/images/photo-gallery-05.jpg]
[www.vasterad.com/themes/sphene/images/photo-gallery-06.jpg]
[www.vasterad.com/themes/sphene/images/photo-gallery-07.jpg]
[www.vasterad.com/themes/sphene/images/photo-gallery-08.jpg]
[www.vasterad.com/themes/sphene/images/photo-gallery-09.jpg]
[www.vasterad.com/themes/sphene/images/photo-gallery-10.jpg]
[www.vasterad.com/themes/sphene/images/photo-gallery-11.jpg]
[www.vasterad.com/themes/sphene/images/photo-gallery-12.jpg]
[www.vasterad.com/themes/sphene/scripts/view.js]
[www.vasterad.com/themes/sphene/photo-gallery.html]
[www.vasterad.com/themes/sphene/portfolio-contained-style-1.html]
[www.vasterad.com/themes/sphene/portfolio-contained-style-2.html]
[www.vasterad.com/themes/sphene/portfolio-contained-style-3.html]
[www.vasterad.com/themes/sphene/portfolio-contained-style-4.html]
[www.vasterad.com/themes/sphene/images/single-project-ajax-01a.jpg]
[www.vasterad.com/themes/sphene/images/single-project-ajax-01b.jpg]
[www.vasterad.com/themes/sphene/images/single-project-ajax-02.jpg]
[www.vasterad.com/themes/sphene/images/single-project-ajax-03a.jpg]
[www.vasterad.com/themes/sphene/images/single-project-ajax-03b.jpg]
[www.vasterad.com/themes/sphene/images/single-project-ajax-04.jpg]
[www.vasterad.com/themes/sphene/images/single-project-ajax-05a.jpg]
[www.vasterad.com/themes/sphene/images/single-project-ajax-05b.jpg]
[www.vasterad.com/themes/sphene/images/single-project-ajax-06.jpg]
[www.vasterad.com/themes/sphene/images/single-project-ajax-07.jpg]
[www.vasterad.com/themes/sphene/images/single-project-ajax-08.jpg]
[www.vasterad.com/themes/sphene/images/single-project-ajax-09.jpg]
[www.vasterad.com/themes/sphene/contact.html.10c.delayed]
[www.vasterad.com/themes/sphene/portfolio-ajax.html]
[www.vasterad.com/themes/sphene/images/single-project-01a.jpg]
[www.vasterad.com/themes/sphene/images/single-project-01b.jpg]
[www.vasterad.com/themes/sphene/single-project-creative-style-1.html]
[www.vasterad.com/themes/sphene/images/single-project-01.jpg]
[www.vasterad.com/themes/sphene/single-project-creative-style-2.html]
[www.vasterad.com/themes/sphene/single-project-content-right.html]
[www.vasterad.com/themes/sphene/images/single-project-02a.jpg]
[www.vasterad.com/themes/sphene/images/single-project-02b.jpg]
[www.vasterad.com/themes/sphene/single-project-content-left.html]
[www.vasterad.com/themes/sphene/images/single-project-03a.jpg]
[www.vasterad.com/themes/sphene/images/single-project-03b.jpg]
[www.vasterad.com/themes/sphene/single-project-content-bottom.html]
[www.vasterad.com/themes/sphene/images/about-01a.jpg]
[www.vasterad.com/themes/sphene/images/about-01b.jpg]
[www.vasterad.com/themes/sphene/images/about-01c.jpg]
[www.vasterad.com/themes/sphene/about-us.html]
[www.vasterad.com/themes/sphene/services-classic.html]
[www.vasterad.com/themes/sphene/contact-creative.html]
[www.vasterad.com/themes/sphene/scripts/jquery.countdown.min.js]
[www.vasterad.com/themes/sphene/cooming-soon.html]
[www.vasterad.com/themes/sphene/login-register.html]
[www.vasterad.com/themes/sphene/404.html]
[www.vasterad.com/themes/sphene/faq.html]
[www.vasterad.com/themes/sphene/elements-accordions.html]
[www.vasterad.com/themes/sphene/elements-buttons.html]
[www.vasterad.com/themes/sphene/elements-tabs.html]
[www.vasterad.com/themes/sphene/elements-pricing-tables.html]
[www.vasterad.com/themes/sphene/elements-alerts.html]
[www.vasterad.com/themes/sphene/elements-lists.html]
[www.vasterad.com/themes/sphene/elements-icon-boxes.html]
[www.vasterad.com/themes/sphene/elements-typography.html]
[www.vasterad.com/themes/sphene/elements-progress-bars.html]
[www.vasterad.com/themes/sphene/images/carousel-photo-1.jpg]
[www.vasterad.com/themes/sphene/images/carousel-photo-2.jpg]
[www.vasterad.com/themes/sphene/images/carousel-photo-3.jpg]
[www.vasterad.com/themes/sphene/single-project-before-after.11b.delayed]
[www.vasterad.com/themes/sphene/elements-carousel-slider.html]
[www.vasterad.com/themes/sphene/elements-call-to-action.html]
[www.vasterad.com/themes/sphene/elements-counters.html]
[www.vasterad.com/themes/sphene/images/happy-client-01.jpg]
[www.vasterad.com/themes/sphene/images/happy-client-02.jpg]
[www.vasterad.com/themes/sphene/images/happy-client-03.jpg]
[www.vasterad.com/themes/sphene/elements-testimonials.html]
[www.vasterad.com/themes/sphene/elements-social-icons.html]
[www.vasterad.com/themes/sphene/elements-icons.html]
[www.vasterad.com/themes/sphene/images/shop-01.jpg]
[www.vasterad.com/themes/sphene/images/shop-02.jpg]
[www.vasterad.com/themes/sphene/images/shop-09.jpg]
[www.vasterad.com/themes/sphene/shop-right-sidebar.html]
[www.vasterad.com/themes/sphene/shop-left-sidebar.html]
[www.vasterad.com/themes/sphene/shop-full-width.html]
[www.vasterad.com/themes/sphene/images/shop-01c.jpg]
[www.vasterad.com/themes/sphene/images/shop-01b.jpg]
[www.vasterad.com/themes/sphene/images/shop-01a.jpg]
[www.vasterad.com/themes/sphene/shop-product-page.html]
[www.vasterad.com/themes/sphene/images/shop-category-01.jpg]
[www.vasterad.com/themes/sphene/images/shop-category-02.jpg]
[www.vasterad.com/themes/sphene/images/shop-category-03.jpg]
[www.vasterad.com/themes/sphene/images/shop-category-04.jpg]
[www.vasterad.com/themes/sphene/shop-product-categories.html]
[www.vasterad.com/themes/sphene/shopping-cart.html]
[www.vasterad.com/themes/sphene/images/blog-03.jpg]
[www.vasterad.com/themes/sphene/images/blog-06.jpg]
[www.vasterad.com/themes/sphene/blog-full-width-3-columns.html]
[www.vasterad.com/themes/sphene/images/blog-07.jpg]
[www.vasterad.com/themes/sphene/blog-full-width-4-columns.html]
[www.vasterad.com/themes/sphene/blog-full-width-5-columns.html]
[www.vasterad.com/themes/sphene/images/blog-widget-01.jpg]
[www.vasterad.com/themes/sphene/images/blog-widget-02.jpg]
[www.vasterad.com/themes/sphene/images/blog-widget-03.jpg]
[www.vasterad.com/themes/sphene/blog-full-width-with-sidebar.html]
[www.vasterad.com/themes/sphene/images/blog-grid-01.jpg]
[www.vasterad.com/themes/sphene/images/blog-grid-02.jpg]
[www.vasterad.com/themes/sphene/images/blog-grid-03.jpg]
[www.vasterad.com/themes/sphene/images/blog-grid-04.jpg]
[www.vasterad.com/themes/sphene/images/about-widget.jpg]
[www.vasterad.com/themes/sphene/images/blog-01-related.jpg]
[www.vasterad.com/themes/sphene/images/blog-02-related.jpg]
[www.vasterad.com/themes/sphene/images/blog-03-related.jpg]
[www.vasterad.com/themes/sphene/blog-full-width-single-post.html]
[www.vasterad.com/themes/sphene/images/blog-01-big.jpg]
[www.vasterad.com/themes/sphene/images/blog-02-big.jpg]
[www.vasterad.com/themes/sphene/images/blog-04-big.jpg]
[www.vasterad.com/themes/sphene/blog-contained-1-column.html]
[www.vasterad.com/themes/sphene/blog-contained-2-columns.html]
[www.vasterad.com/themes/sphene/blog-contained-3-columns.html]
[www.vasterad.com/themes/sphene/blog-contained-4-columns.html]
[www.vasterad.com/themes/sphene/blog-contained-with-sidebar.html]
[www.vasterad.com/themes/sphene/blog-contained-single-post.html]
[www.vasterad.com/themes/sphene/css/colors/green.css]
[www.vasterad.com/themes/sphene/contact.html]
[www.vasterad.com/themes/sphene/fonts/fontawesome-webfont3295.html]
[www.vasterad.com/themes/sphene/fonts/fontawesome-webfont3295.svg]
[www.vasterad.com/themes/sphene/fonts/simple-line-iconsc05f.svg]
[www.vasterad.com/themes/sphene/fonts/lineariconsca27.svg]
[www.vasterad.com/themes/sphene/css/openhand.html]
[www.vasterad.com/themes/sphene/assets/gridtile.html]
[www.vasterad.com/themes/sphene/assets/gridtile_white.html]
[www.vasterad.com/themes/sphene/assets/gridtile_3x3.html]
[www.vasterad.com/themes/sphene/assets/gridtile_3x3_white.html]
[www.vasterad.com/themes/sphene/assets/coloredbg.html]
[www.vasterad.com/themes/sphene/img/loading.html]
[www.vasterad.com/themes/sphene/css/colors/yellow.css]
[www.vasterad.com/themes/sphene/css/colors/red.css]
[www.vasterad.com/themes/sphene/contact-classic.html.html]
[www.vasterad.com/themes/sphene/contact.html.html]
[www.vasterad.com/themes/sphene/single-project-before-after.html]
[www.vasterad.com/themes/sphene/css/closedhand.cur]
